09/22/2025 15:09 | 0 | 0h 0m 14s
09/22/2025 15:10 | 0 | 0h 0m 8s
09/22/2025 15:11 | 0 | 0h 0m 7s
09/23/2025 09:44 | 0 | 0h 0m 25s
09/23/2025 17:12 | 0 | 0h 0m 20s
10/01/2025 21:49 | 0 | 0h 0m 45s
10/01/2025 21:52 | 0 | 0h 0m 46s
10/01/2025 21:53 | 0 | 0h 1m 3s
10/01/2025 23:02 | YogoNadoIntro | 0h 4m 6s
10/01/2025 23:43 | YogoNadoOutro | 0h 4m 53s
10/02/2025 11:12 | 0 | 0h 0m 51s
10/02/2025 18:01 | YogoNadoIntro | 0h 4m 55s
10/02/2025 19:27 | YogoNadoOutro | 0h 4m 28s
10/13/2025 00:02 | Lobby | 0h 0m 12s
10/13/2025 00:03 | Lobby | 0h 0m 7s
10/13/2025 00:04 | Lobby | 0h 0m 14s
10/13/2025 00:07 | 50s-60s | 0h 0m 38s
10/13/2025 00:14 | 50s-60s | 0h 0m 50s
10/13/2025 00:18 | 70-80s | 0h 0m 17s
10/13/2025 00:19 | 70-80s | 0h 0m 16s
10/13/2025 00:19 | 70-80s | 0h 0m 16s
10/13/2025 00:21 | 70-80s | 0h 0m 18s
10/13/2025 00:21 | 70-80s | 0h 0m 16s
10/13/2025 00:22 | 70-80s | 0h 0m 17s
10/13/2025 00:27 | 70-80s | 0h 0m 28s
10/13/2025 00:29 | 70-80s | 0h 0m 28s
10/13/2025 00:30 | 70-80s | 0h 0m 27s
10/13/2025 00:35 | 90-2000s | 0h 0m 22s
10/13/2025 00:38 | 2010-2025s | 0h 0m 13s
10/13/2025 02:26 | 70-80s | 0h 0m 31s
10/13/2025 02:30 | 90-2000s | 0h 0m 48s
10/13/2025 02:31 | 2010-2025s | 0h 0m 28s
10/13/2025 02:32 | 2010-2025s | 0h 0m 28s
10/13/2025 02:33 | 2010-2025s | 0h 0m 32s
10/13/2025 02:40 | 90-2000s | 0h 0m 38s
10/13/2025 02:41 | 70-80s | 0h 0m 24s
10/13/2025 02:44 | 70-80s | 0h 0m 29s
10/13/2025 02:46 | 50s-60s | 0h 0m 13s
10/13/2025 02:47 | 50s-60s | 0h 0m 13s
10/13/2025 02:48 | 50s-60s | 0h 0m 13s
10/13/2025 03:02 | 90-2000s | 0h 0m 41s
10/13/2025 03:03 | 2010-2025s | 0h 0m 23s
10/13/2025 14:07 | 50s-60s | 0h 0m 17s
10/13/2025 14:08 | 50s-60s | 0h 0m 13s
10/13/2025 14:09 | 50s-60s | 0h 0m 13s
10/13/2025 14:17 | 50s-60s | 0h 0m 15s
10/13/2025 14:21 | 50s-60s | 0h 0m 42s
10/13/2025 14:24 | 50s-60s | 0h 0m 47s
10/13/2025 14:31 | 50s-60s | 0h 0m 42s
10/13/2025 14:36 | 50s-60s | 0h 0m 48s
10/13/2025 15:19 | 70-80s | 0h 0m 24s
10/14/2025 15:55 | 70-80s | 0h 0m 29s
10/14/2025 15:57 | 70-80s | 0h 0m 26s
10/14/2025 16:06 | Lobby | 0h 0m 10s
10/14/2025 16:13 | Lobby | 0h 0m 5s
10/14/2025 16:14 | Lobby | 0h 0m 9s
10/14/2025 16:15 | Lobby | 0h 0m 9s
10/14/2025 16:24 | Lobby | 0h 0m 9s
10/14/2025 16:25 | Lobby | 0h 0m 13s
10/14/2025 16:25 | Lobby | 0h 0m 12s
10/14/2025 16:26 | Lobby | 0h 0m 12s
10/14/2025 16:27 | Lobby | 0h 0m 13s
10/14/2025 16:28 | Lobby | 0h 0m 12s
10/14/2025 16:29 | Lobby | 0h 0m 12s
10/14/2025 16:30 | Lobby | 0h 0m 11s
10/14/2025 16:30 | Lobby | 0h 0m 12s
10/14/2025 16:55 | 70-80s | 0h 0m 39s
10/14/2025 16:56 | 50s-60s | 0h 0m 35s
10/14/2025 16:57 | 90-2000s | 0h 0m 31s
10/14/2025 16:58 | 2010-2025s | 0h 0m 19s
10/14/2025 17:09 | 70-80s | 0h 0m 41s
10/14/2025 17:10 | 70-80s | 0h 0m 35s
10/14/2025 17:40 | 50s-60s | 0h 0m 45s
10/14/2025 17:43 | 50s-60s | 0h 0m 48s
10/15/2025 22:46 | Lobby | 0h 0m 13s
10/15/2025 22:53 | 50s-60s | 0h 0m 34s
10/15/2025 22:54 | 2010-2025s | 0h 0m 18s
